// Jest Snapshot v1, https://goo.gl/fbAQLP

exports[`Testing SearchText Component matches snapshot 1`] = `
<div
  className="github-search"
>
  <div
    id="text"
  >
    Github 
    <span
      className="text-style-1"
    >
      Search
    </span>
  </div>
</div>
`;
