// Jest Snapshot v1, https://goo.gl/fbAQLP

exports[`Testing UserProject Component matches snapshot 1`] = `
<div
  id="user-project"
>
  <span
    id="project-name"
  />
  <span
    id="project-description"
  />
  <div
    className="icon-and-text"
  >
    <img
      src="star.svg"
    />
    <span>
       
      30
       
    </span>
  </div>
</div>
`;
